[debug] [2025-01-12T15:38:19.547Z] ----------------------------------------------------------------------
[debug] [2025-01-12T15:38:19.549Z] Command:       /usr/bin/node /home/abhishek/.npm-global/bin/firebase init
[debug] [2025-01-12T15:38:19.549Z] CLI Version:   13.29.1
[debug] [2025-01-12T15:38:19.549Z] Platform:      linux
[debug] [2025-01-12T15:38:19.550Z] Node Version:  v18.19.0
[debug] [2025-01-12T15:38:19.550Z] Time:          Sun Jan 12 2025 21:08:19 GMT+0530 (India Standard Time)
[debug] [2025-01-12T15:38:19.550Z] ----------------------------------------------------------------------
[debug] 
[debug] [2025-01-12T15:38:19.554Z] > command requires scopes: ["email","openid","https://www.googleapis.com/auth/cloudplatformprojects.readonly","https://www.googleapis.com/auth/firebase","https://www.googleapis.com/auth/cloud-platform"]
[debug] [2025-01-12T15:38:19.555Z] > authorizing via signed-in user (abhishek23sv@gmail.com)
[info] 
     ######## #### ########  ######## ########     ###     ######  ########
     ##        ##  ##     ## ##       ##     ##  ##   ##  ##       ##
     ######    ##  ########  ######   ########  #########  ######  ######
     ##        ##  ##    ##  ##       ##     ## ##     ##       ## ##
     ##       #### ##     ## ######## ########  ##     ##  ######  ########

You're about to initialize a Firebase project in this directory:

  /home/abhishek/development/my_flutter_app

[info] 
=== Project Setup
[info] 
[info] First, let's associate this project directory with a Firebase project.
[info] You can create multiple project aliases by running firebase use --add, 
[info] but for now we'll just set up a default project.
[info] 
[debug] [2025-01-12T15:38:25.867Z] Checked if tokens are valid: true, expires at: 1736699777750
[debug] [2025-01-12T15:38:25.868Z] Checked if tokens are valid: true, expires at: 1736699777750
[debug] [2025-01-12T15:38:25.870Z] >>> [apiv2][query] GET https://firebase.googleapis.com/v1beta1/projects pageSize=100
[debug] [2025-01-12T15:38:27.306Z] <<< [apiv2][status] GET https://firebase.googleapis.com/v1beta1/projects 200
[debug] [2025-01-12T15:38:27.307Z] <<< [apiv2][body] GET https://firebase.googleapis.com/v1beta1/projects [omitted]
[info] i  Using project backend-ab512 (backend) 
[info] 
=== Dataconnect Setup
[debug] [2025-01-12T15:38:30.394Z] Checked if tokens are valid: true, expires at: 1736699777750
[debug] [2025-01-12T15:38:30.395Z] Checked if tokens are valid: true, expires at: 1736699777750
[debug] [2025-01-12T15:38:30.395Z] >>> [apiv2][query] GET https://cloudbilling.googleapis.com/v1/projects/backend-ab512/billingInfo [none]
[debug] [2025-01-12T15:38:32.126Z] <<< [apiv2][status] GET https://cloudbilling.googleapis.com/v1/projects/backend-ab512/billingInfo 200
[debug] [2025-01-12T15:38:32.127Z] <<< [apiv2][body] GET https://cloudbilling.googleapis.com/v1/projects/backend-ab512/billingInfo {"name":"projects/backend-ab512/billingInfo","projectId":"backend-ab512","billingAccountName":"","billingEnabled":false}
[info] i  dataconnect: ensuring required API sqladmin.googleapis.com is enabled... 
[debug] [2025-01-12T15:38:32.128Z] Checked if tokens are valid: true, expires at: 1736699777750
[debug] [2025-01-12T15:38:32.128Z] Checked if tokens are valid: true, expires at: 1736699777750
[debug] [2025-01-12T15:38:32.128Z] >>> [apiv2][query] GET https://serviceusage.googleapis.com/v1/projects/backend-ab512/services/sqladmin.googleapis.com [none]
[debug] [2025-01-12T15:38:32.128Z] >>> [apiv2][(partial)header] GET https://serviceusage.googleapis.com/v1/projects/backend-ab512/services/sqladmin.googleapis.com x-goog-quota-user=projects/backend-ab512
[debug] [2025-01-12T15:38:34.214Z] <<< [apiv2][status] GET https://serviceusage.googleapis.com/v1/projects/backend-ab512/services/sqladmin.googleapis.com 200
[debug] [2025-01-12T15:38:34.214Z] <<< [apiv2][body] GET https://serviceusage.googleapis.com/v1/projects/backend-ab512/services/sqladmin.googleapis.com [omitted]
[info] ✔  dataconnect: required API sqladmin.googleapis.com is enabled 
[info] i  dataconnect/dataconnect.yaml is unchanged 
[info] i  dataconnect/schema/schema.gql is unchanged 
[info] ✔  Wrote dataconnect/connector/connector.yaml 
[info] i  dataconnect/connector/queries.gql is unchanged 
[info] i  dataconnect/connector/mutations.gql is unchanged 
[info] ✔  Detected FLUTTER app in directory /home/abhishek/development/my_flutter_app 
[info] i  Wrote new config to /home/abhishek/development/my_flutter_app/dataconnect/connector/connector.yaml 
[info] I0112 21:08:56.988229   26126 codegen.go:82] [connector "default" dartSdk] Generating sources into "/home/abhishek/development/my_flutter_app/dataconnect-generated/dart/default_connector"
I0112 21:08:56.988323   26126 dartgen.go:576] Started Dart code generation for connector default
I0112 21:08:56.988542   26126 generate.go:40] Generated all sources. Writing them to disk...
I0112 21:08:56.988777   26126 collector.go:107] connector "default" dartSdk wrote into "/home/abhishek/development/my_flutter_app/dataconnect-generated/dart/default_connector"
Generated sources: default.dart [585B] 

[info] i  Generated SDK code for default 
[info] ✔  If you'd like to add more generated SDKs to your app your later, run firebase init dataconnect:sdk again 
[info] i  If you'd like to provision a CloudSQL Postgres instance on the Firebase Data Connect no-cost trial:
1. Please upgrade to the pay-as-you-go (Blaze) billing plan. Visit the following page:
     https://console.firebase.google.com/project/backend-ab512/usage/details
2. Run firebase init dataconnect again to configure the Cloud SQL instance.
3. Run firebase deploy --only dataconnect to deploy your Data Connect service. 
[info] 
=== Firestore Setup
[debug] [2025-01-12T15:38:57.001Z] Checked if tokens are valid: true, expires at: 1736699777750
[debug] [2025-01-12T15:38:57.001Z] Checked if tokens are valid: true, expires at: 1736699777750
[debug] [2025-01-12T15:38:57.002Z] >>> [apiv2][query] GET https://serviceusage.googleapis.com/v1/projects/backend-ab512/services/firestore.googleapis.com [none]
[debug] [2025-01-12T15:38:57.003Z] >>> [apiv2][(partial)header] GET https://serviceusage.googleapis.com/v1/projects/backend-ab512/services/firestore.googleapis.com x-goog-quota-user=projects/backend-ab512
[debug] [2025-01-12T15:39:02.724Z] <<< [apiv2][status] GET https://serviceusage.googleapis.com/v1/projects/backend-ab512/services/firestore.googleapis.com 200
[debug] [2025-01-12T15:39:02.724Z] <<< [apiv2][body] GET https://serviceusage.googleapis.com/v1/projects/backend-ab512/services/firestore.googleapis.com [omitted]
[debug] [2025-01-12T15:39:07.737Z] Error: Timed out.
    at Timeout._onTimeout (/home/abhishek/.npm-global/lib/node_modules/firebase-tools/lib/utils.js:269:49)
    at listOnTimeout (node:internal/timers:569:17)
    at process.processTimers (node:internal/timers:512:7)
[error] 
[error] Error: An unexpected error has occurred.
[debug] [2025-01-12T15:39:22.748Z] ----------------------------------------------------------------------
[debug] [2025-01-12T15:39:22.750Z] Command:       /usr/bin/node /home/abhishek/.npm-global/bin/firebase deploy
[debug] [2025-01-12T15:39:22.751Z] CLI Version:   13.29.1
[debug] [2025-01-12T15:39:22.751Z] Platform:      linux
[debug] [2025-01-12T15:39:22.751Z] Node Version:  v18.19.0
[debug] [2025-01-12T15:39:22.751Z] Time:          Sun Jan 12 2025 21:09:22 GMT+0530 (India Standard Time)
[debug] [2025-01-12T15:39:22.752Z] ----------------------------------------------------------------------
[debug] 
[debug] [2025-01-12T15:39:27.800Z] Error: Timed out.
    at Timeout._onTimeout (/home/abhishek/.npm-global/lib/node_modules/firebase-tools/lib/utils.js:269:49)
    at listOnTimeout (node:internal/timers:569:17)
    at process.processTimers (node:internal/timers:512:7)
[error] 
[error] Error: An unexpected error has occurred.
