Flutter crash report.
Please report a bug at https://github.com/flutter/flutter/issues.

## command

flutter run

## exception

OSError: OS Error: Connection reset by peer, errno = 104

```
#0      _NativeSocket.startConnect (dart:io-patch/socket_patch.dart:721:35)
#1      _RawSocket.startConnect (dart:io-patch/socket_patch.dart:1920:26)
#2      RawSocket.startConnect (dart:io-patch/socket_patch.dart:27:23)
#3      Socket._startConnect (dart:io-patch/socket_patch.dart:2144:22)
#4      Socket.startConnect (dart:io/socket.dart:825:21)
#5      _ConnectionTarget.connect (dart:_http/http_impl.dart:2498:20)
#6      _HttpClient._getConnection.connect (dart:_http/http_impl.dart:2937:12)
#7      _HttpClient._getConnection (dart:_http/http_impl.dart:2942:12)
#8      _HttpClient._openUrl (dart:_http/http_impl.dart:2797:12)
#9      _HttpClient.openUrl (dart:_http/http_impl.dart:2634:7)
#10     _WebSocketImpl.connect (dart:_http/websocket_impl.dart:1021:42)
#11     WebSocket.connect (dart:_http/websocket.dart:320:22)
#12     WipConnection.connect (package:webkit_inspection_protocol/webkit_inspection_protocol.dart:231:22)
#13     ChromeTab.connect (package:webkit_inspection_protocol/webkit_inspection_protocol.dart:184:26)
#14     Chromium.close (package:flutter_tools/src/web/chrome.dart:526:57)
<asynchronous suspension>
#15     ChromiumDevice.stopApp (package:flutter_tools/src/web/web_device.dart:163:5)
<asynchronous suspension>
#16     ResidentWebRunner._cleanup (package:flutter_tools/src/isolated/resident_web_runner.dart:201:5)
<asynchronous suspension>
#17     ResidentWebRunner._cleanupAndExit (package:flutter_tools/src/isolated/resident_web_runner.dart:215:5)
<asynchronous suspension>
#18     Future._propagateToListeners.handleWhenCompleteCallback.<anonymous closure> (dart:async/future_impl.dart:895:56)
<asynchronous suspension>
```

## flutter doctor

```
[32m[✓][39m Flutter (Channel stable, 3.27.2, on LMDE 6 (faye) 6.1.0-28-amd64, locale
    en_US.UTF-8)
    [32m•[39m Flutter version 3.27.2 on channel stable at
      /home/abhishek/Android/Sdk/flutter
    [32m•[39m Upstream repository https://github.com/flutter/flutter.git
    [32m•[39m Framework revision 68415ad1d9 (6 days ago), 2025-01-13 10:22:03 -0800
    [32m•[39m Engine revision e672b006cb
    [32m•[39m Dart version 3.6.1
    [32m•[39m DevTools version 2.40.2

[33m[!][39m Android toolchain - develop for Android devices (Android SDK version 35.0.0)
    [32m•[39m Android SDK at /home/abhishek/Android/Sdk
    [32m•[39m Platform android-35, build-tools 35.0.0
    [32m•[39m ANDROID_HOME = /home/abhishek/Android/Sdk
    [32m•[39m Java binary at: /home/abhishek/Downloads/android-studio/jbr/bin/java
    [32m•[39m Java version OpenJDK Runtime Environment (build 21.0.4+-12422083-b607.1)
    [33m![39m Some Android licenses not accepted. To resolve this, run: flutter doctor
      --android-licenses

[32m[✓][39m Chrome - develop for the web
    [32m•[39m Chrome at google-chrome

[32m[✓][39m Linux toolchain - develop for Linux desktop
    [32m•[39m Debian clang version 14.0.6
    [32m•[39m cmake version 3.25.1
    [32m•[39m ninja version 1.11.1
    [32m•[39m pkg-config version 1.8.1

[32m[✓][39m Android Studio (version 2024.2)
    [32m•[39m Android Studio at /home/abhishek/Downloads/android-studio
    [32m•[39m Flutter plugin can be installed from:
      🔨 https://plugins.jetbrains.com/plugin/9212-flutter
    [32m•[39m Dart plugin can be installed from:
      🔨 https://plugins.jetbrains.com/plugin/6351-dart
    [32m•[39m Java version OpenJDK Runtime Environment (build 21.0.4+-12422083-b607.1)

[32m[✓][39m VS Code (version 1.96.2)
    [32m•[39m VS Code at /usr/share/code
    [32m•[39m Flutter extension version 3.102.0

[32m[✓][39m VS Code (version 1.96.4)
    [32m•[39m VS Code at /snap/code/current/usr/share/code
    [32m•[39m Flutter extension version 3.102.0

[32m[✓][39m Connected device (2 available)
    [32m•[39m Linux (desktop) • linux  • linux-x64      • LMDE 6 (faye) 6.1.0-28-amd64
    [32m•[39m Chrome (web)    • chrome • web-javascript • Google Chrome 131.0.6778.264

[32m[✓][39m Network resources
    [32m•[39m All expected network resources are available.

[33m![39m Doctor found issues in 1 category.
```
